I'm sorry, but errors were detected in your script. Please correct the
errors listed below, and try again.


File "game/EP3.rpy", line 74: expected 'comma or end of line' not found.
    with zoomout
    ^

Ren'Py Version: Ren'Py 8.2.1.24030407
Mon Apr  8 05:00:27 2024
